[egg-chawanmushi] 日式茶碗蒸：搜到 18，用了 5 篇
[egg-chive] 韭菜炒蛋：搜到 18，用了 5 篇
[egg-miso-softboil] 味噌溏心蛋：搜到 13，用了 5 篇
[tofu-century-egg] 涼拌皮蛋豆腐：搜到 18，用了 5 篇
[tofu-miso-soup] 味噌豆腐湯：搜到 18，用了 1 篇
[tofu-pan-fried] 搜尋失敗：HTTP Error 404: Not Found
[tofu-braised] 紅燒豆腐：搜到 18，用了 5 篇
[chicken-breast-garlic] 蒜香雞胸肉：搜到 18，用了 1 篇
[chicken-breast-shred-salad] 涼拌雞絲：搜到 18，用了 5 篇
[chicken-breast-miso-bake] 搜尋失敗：HTTP Error 404: Not Found
[chicken-breast-scallion] 蔥爆雞胸肉：搜到 18，用了 2 篇
[chicken-breast-lemon] 檸檬香煎雞胸：搜到 18，用了 1 篇
[chicken-thigh-pan] 香煎雞腿排：搜到 18，用了 5 篇
[chicken-thigh-miso-bake] 味噌烤雞腿：搜到 11，用了 5 篇
[chicken-diced-bell-pepper] 彩椒炒雞丁：搜到 18，用了 3 篇
[pork-mince-ants-tree] 螞蟻上樹：搜到 18，用了 5 篇
[pork-mince-green-bean] 絞肉炒四季豆：搜到 18，用了 2 篇
[pork-mince-eggplant] 魚香茄子：搜到 18，用了 5 篇
[pork-mince-bell-pepper] 青椒鑲肉：搜到 18，用了 5 篇
[pork-mince-tomato-sauce] 番茄肉燥：搜到 18，用了 5 篇
[pork-slice-ginger] 薑燒豬肉：搜到 18，用了 5 篇
[pork-loin-sweet-sour] 搜尋失敗：HTTP Error 404: Not Found
[pork-slice-chive] 韭黃炒肉絲：搜到 8，用了 4 篇
[pork-slice-moo-shu] 木須炒肉：搜到 5，用了 3 篇
[beef-scallion] 蔥爆牛肉：搜到 18，用了 5 篇
[beef-black-pepper] 黑胡椒牛柳：搜到 18，用了 5 篇
[beef-bell-pepper] 牛肉炒青椒：搜到 18，用了 1 篇
[beef-tomato-stew] 番茄燉牛肉：搜到 18，用了 5 篇
[salmon-pan-fried] 香煎鮭魚排：搜到 18，用了 3 篇
[salmon-miso-bake] 味噌烤鮭魚：搜到 18，用了 5 篇
[salmon-rice] 鮭魚炊飯：搜到 18，用了 5 篇
[shrimp-garlic] 搜尋失敗：HTTP Error 404: Not Found
[shrimp-egg] 蝦仁炒蛋：搜到 18，用了 5 篇
[shrimp-lemon-salad] 涼拌檸檬蝦：搜到 18，用了 0 篇
[shrimp-vermicelli] 蝦仁冬粉煲：搜到 17，用了 5 篇
[fish-steamed] 破布子蒸魚片：搜到 2，用了 2 篇
[fish-doubanjiang] 豆瓣魚片：搜到 18，用了 1 篇
[fish-lemon] 檸檬魚片：搜到 18，用了 4 篇
[cabbage-dried-shrimp] 開陽高麗菜：搜到 4，用了 3 篇
[cabbage-salad] 涼拌高麗菜絲：搜到 18，用了 1 篇
[cabbage-miso-soup] 味噌高麗菜湯：搜到 18，用了 1 篇
[cabbage-pork] 高麗菜炒肉絲：搜到 18，用了 1 篇
[broccoli-garlic] 蒜炒花椰菜：搜到 18，用了 5 篇
[broccoli-shrimp] 蝦仁炒花椰菜：搜到 12，用了 0 篇
[broccoli-mustard-salad] 搜尋失敗：HTTP Error 404: Not Found
[bokchoy-garlic] 蒜炒青江菜：搜到 18，用了 5 篇
[bokchoy-oyster-sauce] 蠔油青江菜：搜到 18，用了 1 篇
[bokchoy-dried-shrimp] 開陽青江菜：搜到 2，用了 2 篇
[spinach-salad] 涼拌菠菜：搜到 18，用了 5 篇
[spinach-garlic] 蒜炒菠菜：搜到 18，用了 3 篇
[spinach-egg-soup] 菠菜蛋花湯：搜到 12，用了 5 篇
[green-bean-dry-fried] 乾煸四季豆：搜到 18，用了 5 篇
[green-bean-garlic] 蒜炒四季豆：搜到 18，用了 5 篇
[green-bean-salad] 涼拌四季豆：搜到 18，用了 5 篇
[eggplant-garlic] 蒜燒茄子：搜到 18，用了 5 篇
[eggplant-century-egg] 搜尋失敗：HTTP Error 404: Not Found
[potato-shred-vinegar] 醋溜馬鈴薯絲：搜到 10，用了 2 篇
[potato-curry-stew] 咖哩馬鈴薯燉肉：搜到 1，用了 1 篇
[potato-roasted] 烤馬鈴薯塊：搜到 18，用了 5 篇
[carrot-egg] 紅蘿蔔炒蛋：搜到 18，用了 5 篇
[carrot-salad] 涼拌紅蘿蔔絲：搜到 18，用了 5 篇
[tomato-tofu-egg-soup] 番茄豆腐蛋花湯：搜到 16，用了 5 篇
[tomato-vegetable-stew] 義式番茄燉菜：搜到 18，用了 5 篇
[cucumber-salad] 涼拌小黃瓜：搜到 18，用了 4 篇
[cucumber-garlic-stir] 搜尋失敗：HTTP Error 404: Not Found
[mushroom-mix-stir] 三色炒菇：搜到 1，用了 1 篇
[king-oyster-mushroom-oyster-sauce] 蠔油杏鮑菇：搜到 18，用了 2 篇
[shiitake-chicken-soup] 香菇雞湯：搜到 18，用了 5 篇
[egg-fried-rice] 蛋炒飯：搜到 18，用了 5 篇
[tomato-pasta] 番茄義大利麵：搜到 18，用了 4 篇
[mixed-vegetable-rice] 彩蔬炊飯：搜到 2，用了 2 篇
[japchae-glass-noodle] 韓式雜菜冬粉：搜到 18，用了 5 篇
[bean-sprout-stir] 蒜炒豆芽菜：搜到 18，用了 2 篇
[okra-salad] 涼拌秋葵：搜到 18，用了 4 篇
[okra-garlic-stir] 蒜炒秋葵：搜到 18，用了 1 篇
[okra-roasted] 烤秋葵：搜到 13，用了 3 篇
[okra-miso-soup] 秋葵味噌湯：搜到 15，用了 1 篇
[okra-egg-stir] 秋葵炒蛋：搜到 18，用了 5 篇
[beef-okra-stir] 秋葵炒牛肉：搜到 7，用了 2 篇
[beef-okra-donburi] 秋葵牛肉丼：搜到 2，用了 2 篇
[shrimp-garlic-bake] 蒜烤蝦仁：搜到 18，用了 5 篇
[shrimp-curry] 咖哩蝦仁：搜到 18，用了 3 篇
[shrimp-tofu-braised] 蝦仁豆腐煲：搜到 18，用了 5 篇
[shrimp-egg-pancake] 蝦仁烘蛋：搜到 18，用了 5 篇
[water-spinach-garlic] 蒜炒空心菜：搜到 18，用了 5 篇
[water-spinach-fermented-tofu] 腐乳空心菜：搜到 18，用了 5 篇
[water-spinach-salad] 涼拌空心菜：搜到 5，用了 1 篇
[water-spinach-dried-shrimp] 搜尋失敗：HTTP Error 404: Not Found
[water-spinach-beef] 空心菜炒牛肉：搜到 18，用了 5 篇
[sweet-potato-leaves-garlic] 蒜炒地瓜葉：搜到 18，用了 5 篇
[sweet-potato-leaves-dried-fish] 搜尋失敗：HTTP Error 404: Not Found
[sweet-potato-leaves-salad] 涼拌地瓜葉：搜到 10，用了 4 篇
[sweet-potato-leaves-miso-soup] 地瓜葉味噌湯：搜到 2，用了 0 篇
[sweet-potato-leaves-dried-shrimp] 搜尋失敗：HTTP Error 404: Not Found
[wings-soy-braised] 醬滷雞翅滷蛋：搜到 2，用了 0 篇
[doufugan-braised-egg] 豆干滷蛋：搜到 18，用了 5 篇
[mushroom-minced-pork-sauce] 香菇肉燥：搜到 18，用了 5 篇
[chicken-thigh-rice-cooker-braised] 搜尋失敗：HTTP Error 404: Not Found
[pork-belly-red-braised] 紅燒五花肉：搜到 18，用了 3 篇
[beef-brisket-radish-stew] 蘿蔔燉牛肋條：搜到 4，用了 1 篇
[chicken-pumpkin-stew] 南瓜燉雞：搜到 14，用了 5 篇
[beef-tomato-ragu] 義式番茄肉醬：搜到 18，用了 5 篇
[napa-cabbage-braised] 白菜滷：搜到 18，用了 5 篇
[wings-honey-soy-roasted] 搜尋失敗：HTTP Error 404: Not Found
[ribs-garlic-roasted] 蒜香烤排骨：搜到 2，用了 1 篇
[roasted-vegetable-tray] 烤箱烤蔬菜盤：搜到 1，用了 1 篇
[pork-belly-air-fried] 氣炸脆皮五花：搜到 18，用了 0 篇
[edamame-doufugan-stir] 毛豆炒豆干：搜到 18，用了 3 篇
[edamame-garlic-salad] 蒜香涼拌毛豆：搜到 3，用了 2 篇
[bitter-melon-rib-soup] 苦瓜排骨湯：搜到 18，用了 5 篇
[enoki-egg-tofu-soup] 金針菇雞蛋豆腐湯：搜到 3，用了 2 篇
[corn-egg-drop-soup] 玉米蛋花湯：搜到 18，用了 5 篇
[celery-fish-soup] 芹菜魚片湯：搜到 18，用了 5 篇
[salmon-miso-soup] 鮭魚味噌湯：搜到 18，用了 5 篇
[hot-sour-soup] 酸辣湯：搜到 18，用了 5 篇
[beef-udon-soup] 牛肉烏龍麵：搜到 18，用了 2 篇
[cod-steamed] 清蒸鱈魚：搜到 18，用了 5 篇
[egg-tofu-minced-pork-steamed] 肉末蒸雞蛋豆腐：搜到 5，用了 3 篇
[clam-steamed-egg] 蛤蜊蒸蛋：搜到 18，用了 5 篇
[chicken-mushroom-steamed] 香菇木耳蒸雞：搜到 4，用了 2 篇
[mixed-veg-egg-rice-bowl] 搜尋失敗：HTTP Error 404: Not Found
[cod-tomato-braised] 搜尋失敗：HTTP Error 404: Not Found
[enoki-tofu-braised] 金針菇燴豆腐：搜到 14，用了 1 篇
[squid-crispy-fried] 香酥炸透抽：搜到 3，用了 0 篇
[chicken-karaage] 日式唐揚炸雞：搜到 17，用了 4 篇
[a-choy-garlic] 蒜炒A菜：搜到 18，用了 2 篇
[a-choy-shimeji] 鴻喜菇炒A菜：搜到 18，用了 5 篇
[a-choy-sausage] 香腸炒A菜：搜到 9，用了 5 篇
[gai-lan-oyster-sauce] 蠔油芥藍：搜到 18，用了 1 篇
[gai-lan-beef] 芥藍炒牛肉：搜到 18，用了 5 篇
[gai-lan-squid-celery] 搜尋失敗：HTTP Error 404: Not Found
[bacon-baby-corn] 培根炒玉米筍：搜到 1，用了 1 篇
[bacon-egg-toast] 培根蛋吐司：搜到 18，用了 4 篇
[bacon-cabbage-pasta] 培根高麗菜義大利麵：搜到 8，用了 5 篇
[sausage-mixed-veg] 搜尋失敗：HTTP Error 404: Not Found
[sausage-fried-rice] 香腸蛋炒飯：搜到 18，用了 5 篇
[noodle-chive-sprout-stir] 搜尋失敗：HTTP Error 404: Not Found
[noodle-sesame-cold] 麻醬涼麵：搜到 18，用了 5 篇
[udon-clam-enoki] 蛤蜊金針菇烏龍麵：搜到 1，用了 0 篇
[udon-pork-belly-stir] 五花肉炒烏龍麵：搜到 10，用了 5 篇
[rice-cake-napa-pork] 白菜肉片炒年糕：搜到 3，用了 3 篇
[rice-cake-seaweed-egg-soup] 搜尋失敗：HTTP Error 404: Not Found
[toast-pizza] 吐司披薩：搜到 18，用了 5 篇
[french-toast] 法式吐司：搜到 18，用了 5 篇
[napa-fried-tofu-stir] 白菜炒油豆腐：搜到 2，用了 1 篇
[tofu-skin-fried-tofu-braised] 滷豆皮油豆腐：搜到 17，用了 5 篇
[tofu-skin-chive-egg] 搜尋失敗：HTTP Error 404: Not Found
[egg-tofu-pan-fried] 香煎雞蛋豆腐：搜到 18，用了 5 篇
[loofah-egg-stir] 絲瓜炒蛋：搜到 18，用了 5 篇
[loofah-squid-braised] 搜尋失敗：HTTP Error 404: Not Found
[bitter-melon-egg] 苦瓜炒蛋：搜到 18，用了 5 篇
[bitter-melon-dried-fish] 搜尋失敗：HTTP Error 404: Not Found
[pumpkin-rice-cooker-steamed] 電鍋蒸南瓜：搜到 18，用了 0 篇
[dried-fish-green-pepper] 搜尋失敗：HTTP Error 404: Not Found
[edamame-shrimp-baby-corn] 搜尋失敗：HTTP Error 404: Not Found
[baby-corn-shimeji-zucchini] 玉米筍炒鴻喜菇：搜到 4，用了 4 篇
[celery-pork-stir] 芹菜炒肉絲：搜到 18，用了 3 篇
[beef-patty] 牛肉漢堡排：搜到 18，用了 5 篇
[beef-basil-thai] 打拋牛肉：搜到 5，用了 2 篇
[beef-curry] 咖哩牛肉：搜到 18，用了 3 篇
[wings-garlic-pan-fried] 蒜香煎雞翅：搜到 18，用了 2 篇
[mackerel-pan-fried] 香煎鯖魚：搜到 18，用了 5 篇
[mackerel-air-fried] 搜尋失敗：HTTP Error 404: Not Found
[cod-zucchini-pan-fried] 搜尋失敗：HTTP Error 404: Not Found
[pork-cutlet-fried] 日式炸豬排：搜到 18，用了 5 篇
[king-oyster-mushroom-fried] 鹽酥杏鮑菇：搜到 18，用了 2 篇

對照表：tools/calibration/report.md；建議修改 62 項：tools/calibration/proposals.json
